Picked up JAVA_TOOL_OPTIONS: -Dstdout.encoding=UTF-8 -Dstderr.encoding=UTF-8
[INFO] Scanning for projects...
[INFO] 
[INFO] ------------------------< com.example:football >------------------------
[INFO] Building football 0.0.1-SNAPSHOT
[INFO]   from pom.xml
[INFO] --------------------------------[ jar ]---------------------------------
[INFO] 
[INFO] --- clean:3.5.0:clean (default-clean) @ football ---
[INFO] Deleting c:\Users\mucho\Desktop\ProyectoFootball\football\target
[INFO] 
[INFO] --- resources:3.5.0:resources (default-resources) @ football ---
[INFO] Copying 3 resources from src\main\resources to target\classes
[INFO] Copying 19 resources from src\main\resources to target\classes
[INFO] 
[INFO] --- compiler:3.15.0:compile (default-compile) @ football ---
[INFO] Recompiling the module because of changed source code.
[INFO] Compiling 53 source files with javac [debug parameters release 21] to target\classes
[INFO] /c:/Users/mucho/Desktop/ProyectoFootball/football/src/main/java/com/example/football/usuario/infrastructure/JwtTokenProvider.java: c:\Users\mucho\Desktop\ProyectoFootball\football\src\main\java\com\example\football\usuario\infrastructure\JwtTokenProvider.java uses or overrides a deprecated API.
[INFO] /c:/Users/mucho/Desktop/ProyectoFootball/football/src/main/java/com/example/football/usuario/infrastructure/JwtTokenProvider.java: Recompile with -Xlint:deprecation for details.
[INFO] 
[INFO] --- resources:3.5.0:testResources (default-testResources) @ football ---
[INFO] skip non existing resourceDirectory c:\Users\mucho\Desktop\ProyectoFootball\football\src\test\resources
[INFO] 
[INFO] --- compiler:3.15.0:testCompile (default-testCompile) @ football ---
[INFO] Recompiling the module because of changed dependency.
[INFO] Compiling 3 source files with javac [debug parameters release 21] to target\test-classes
[INFO] 
[INFO] --- surefire:3.5.6:test (default-test) @ football ---
[INFO] Using auto detected provider org.apache.maven.surefire.junitplatform.JUnitPlatformProvider
[INFO] 
[INFO] -------------------------------------------------------
[INFO]  T E S T S
[INFO] -------------------------------------------------------
Picked up JAVA_TOOL_OPTIONS: -Dstdout.encoding=UTF-8 -Dstderr.encoding=UTF-8
[INFO] Running com.example.football.acceptance.SesionAcceptanceTest
18:54:03.595 [main] INFO org.springframework.test.context.support.AnnotationConfigContextLoaderUtils -- Could not detect default configuration classes for test class [com.example.football.acceptance.SesionAcceptanceTest]: SesionAcceptanceTest does not declare any static, non-private, non-final, nested classes annotated with @Configuration.
18:54:03.694 [main] INFO org.springframework.boot.test.context.SpringBootTestContextBootstrapper -- Found @SpringBootConfiguration com.example.football.FootballApplication for test class com.example.football.acceptance.SesionAcceptanceTest
18:54:03.767 [main] INFO org.springframework.test.context.support.AnnotationConfigContextLoaderUtils -- Could not detect default configuration classes for test class [com.example.football.acceptance.SesionAcceptanceTest]: SesionAcceptanceTest does not declare any static, non-private, non-final, nested classes annotated with @Configuration.
18:54:03.767 [main] INFO org.springframework.boot.test.context.SpringBootTestContextBootstrapper -- Found @SpringBootConfiguration com.example.football.FootballApplication for test class com.example.football.acceptance.SesionAcceptanceTest
18:54:03.828 [main] INFO org.springframework.boot.devtools.restart.RestartApplicationListener -- Restart disabled due to context in which it is running

  .   ____          _            __ _ _
 /\\ / ___'_ __ _ _(_)_ __  __ _ \ \ \ \
( ( )\___ | '_ | '_| | '_ \/ _` | \ \ \ \
 \\/  ___)| |_)| | | | | || (_| |  ) ) ) )
  '  |____| .__|_| |_|_| |_\__, | / / / /
 =========|_|==============|___/=/_/_/_/

 :: Spring Boot ::       (v4.1.1-SNAPSHOT)

2026-08-20T18:54:04.095+02:00  INFO 20132 --- [football] [           main] c.e.f.acceptance.SesionAcceptanceTest    : Starting SesionAcceptanceTest using Java 21.0.5 with PID 20132 (started by mucho in c:\Users\mucho\Desktop\ProyectoFootball\football)
2026-08-20T18:54:04.095+02:00  INFO 20132 --- [football] [           main] c.e.f.acceptance.SesionAcceptanceTest    : The following 1 profile is active: "test"
2026-08-20T18:54:04.694+02:00  INFO 20132 --- [football] [           main] .s.d.r.c.RepositoryConfigurationDelegate : Bootstrapping Spring Data JPA repositories in DEFAULT mode.
2026-08-20T18:54:04.745+02:00  INFO 20132 --- [football] [           main] .s.d.r.c.RepositoryConfigurationDelegate : Finished Spring Data repository scanning in 42 ms. Found 3 JPA repository interfaces.
2026-08-20T18:54:05.256+02:00  INFO 20132 --- [football] [           main] org.hibernate.orm.jpa                    : HHH008540: Processing PersistenceUnitInfo [name: default]
2026-08-20T18:54:05.317+02:00  INFO 20132 --- [football] [           main] org.hibernate.orm.core                   : HHH000001: Hibernate ORM core version 7.4.5.Final
2026-08-20T18:54:05.744+02:00  INFO 20132 --- [football] [           main] o.s.o.j.p.SpringPersistenceUnitInfo      : No LoadTimeWeaver setup: ignoring JPA class transformer
2026-08-20T18:54:05.766+02:00  INFO 20132 --- [football] [           main] com.zaxxer.hikari.HikariDataSource       : HikariPool-1 - Starting...
2026-08-20T18:54:05.877+02:00  INFO 20132 --- [football] [           main] com.zaxxer.hikari.pool.HikariPool        : HikariPool-1 - Added connection org.postgresql.jdbc.PgConnection@583030bd
2026-08-20T18:54:05.878+02:00  INFO 20132 --- [football] [           main] com.zaxxer.hikari.HikariDataSource       : HikariPool-1 - Start completed.
2026-08-20T18:54:05.895+02:00  WARN 20132 --- [football] [           main] org.hibernate.orm.deprecation            : HHH90000025: PostgreSQLDialect does not need to be specified explicitly using 'hibernate.dialect' (remove the property setting and it will be selected by default)
2026-08-20T18:54:05.917+02:00  INFO 20132 --- [football] [           main] org.hibernate.orm.connections.pooling    : HHH10001005: Database info:
	Database JDBC URL [jdbc:postgresql://localhost:5432/football_test]
	Database driver: PostgreSQL JDBC Driver
	Database dialect: PostgreSQLDialect
	Database version: 17.6
	Default catalog/schema: football_test/public
	Autocommit mode: undefined/unknown
	Isolation level: READ_COMMITTED [default READ_COMMITTED]
	JDBC fetch size: none
	Pool: DataSourceConnectionProvider
	Minimum pool size: undefined/unknown
	Maximum pool size: undefined/unknown
2026-08-20T18:54:06.663+02:00  INFO 20132 --- [football] [           main] org.hibernate.orm.core                   : HHH000489: No JTA platform available (set 'hibernate.transaction.jta.platform' to enable JTA platform integration)
2026-08-20T18:54:06.717+02:00  INFO 20132 --- [football] [           main] j.LocalContainerEntityManagerFactoryBean : Initialized JPA EntityManagerFactory for persistence unit 'default'
2026-08-20T18:54:06.795+02:00  INFO 20132 --- [football] [           main] o.s.d.j.r.query.QueryEnhancerFactories   : Hibernate is in classpath; If applicable, HQL parser will be used.
2026-08-20T18:54:07.747+02:00  WARN 20132 --- [football] [           main] .s.a.UserDetailsServiceAutoConfiguration : 

Using generated security password: 360e142b-4ea3-4c8b-a7a7-010fbbd0becc

This generated password is for development use only. Your security configuration must be updated before running your application in production.

2026-08-20T18:54:07.753+02:00  INFO 20132 --- [football] [           main] r$InitializeUserDetailsManagerConfigurer : Global AuthenticationManager configured with UserDetailsService bean with name inMemoryUserDetailsManager
2026-08-20T18:54:08.178+02:00  INFO 20132 --- [football] [           main] o.s.b.t.m.w.SpringBootMockServletContext : Initializing Spring TestDispatcherServlet ''
2026-08-20T18:54:08.178+02:00  INFO 20132 --- [football] [           main] o.s.t.web.servlet.TestDispatcherServlet  : Initializing Servlet ''
2026-08-20T18:54:08.183+02:00  INFO 20132 --- [football] [           main] o.s.t.web.servlet.TestDispatcherServlet  : Completed initialization in 5 ms
2026-08-20T18:54:08.267+02:00  INFO 20132 --- [football] [           main] c.e.f.acceptance.SesionAcceptanceTest    : Started SesionAcceptanceTest in 4.44 seconds (process running for 5.374)
Mockito is currently self-attaching to enable the inline-mock-maker. This will no longer work in future releases of the JDK. Please add Mockito as an agent to your build as described in Mockito's documentation: https://javadoc.io/doc/org.mockito/mockito-core/latest/org.mockito/org/mockito/Mockito.html#0.3
WARNING: A Java agent has been loaded dynamically (C:\Users\mucho\.m2\repository\net\bytebuddy\byte-buddy-agent\1.18.11\byte-buddy-agent-1.18.11.jar)
WARNING: If a serviceability tool is in use, please run with -XX:+EnableDynamicAgentLoading to hide this warning
WARNING: If a serviceability tool is not in use, please run with -Djdk.instrument.traceUsage for more information
WARNING: Dynamic loading of agents will be disallowed by default in a future release
OpenJDK 64-Bit Server VM warning: Sharing is only supported for boot loader classes because bootstrap classpath has been appended

MockHttpServletRequest:
      HTTP Method = POST
      Request URI = /api/usuarios
       Parameters = {}
          Headers = [Content-Type:"application/json;charset=UTF-8", Content-Length:"111"]
             Body = {"nombre":"Jugador","email":"sesion-ca78dbdb-dd71-4d4c-abc6-dd7468f2d88d@example.com","password":"Secreta-123"}
    Session Attrs = {}

Handler:
             Type = com.example.football.usuario.presentation.UsuarioController
           Method = com.example.football.usuario.presentation.UsuarioController#registrar(RegistroRequest)

Async:
    Async started = false
     Async result = null

Resolved Exception:
             Type = null

ModelAndView:
        View name = null
             View = null
            Model = null

FlashMap:
       Attributes = null

MockHttpServletResponse:
           Status = 201
    Error message = null
          Headers = [Content-Type:"application/json", X-Content-Type-Options:"nosniff", X-XSS-Protection:"0", Cache-Control:"no-cache, no-store, max-age=0, must-revalidate", Pragma:"no-cache", Expires:"0", X-Frame-Options:"DENY"]
     Content type = application/json
             Body = {"id":"39294f23-0ca9-4862-9c70-b5da2b421a5c","nombre":"Jugador","email":"sesion-ca78dbdb-dd71-4d4c-abc6-dd7468f2d88d@example.com","rol":"USUARIO","membresia":"TRIAL","fechaCreacion":"2026-08-20T16:54:10.545836900Z","fechaInicioTrial":"2026-08-20T16:54:10.545836900Z","fechaExpiracionMembresia":"2026-08-27T16:54:10.545836900Z","nivel":1,"xp":0,"energia":100,"estadoJugador":"NORMAL","estadisticasAcumuladas":"{}","historialPartidos":"[]"}
    Forwarded URL = null
   Redirected URL = null
          Cookies = []

MockHttpServletRequest:
      HTTP Method = POST
      Request URI = /api/sesiones/login
       Parameters = {}
          Headers = [Content-Type:"application/json;charset=UTF-8", Content-Length:"92"]
             Body = {"email":"sesion-ca78dbdb-dd71-4d4c-abc6-dd7468f2d88d@example.com","password":"Secreta-123"}
    Session Attrs = {}

Handler:
             Type = com.example.football.sesiones.presentation.SesionController
           Method = com.example.football.sesiones.presentation.SesionController#login(LoginRequest, HttpServletResponse)

Async:
    Async started = false
     Async result = null

Resolved Exception:
             Type = null

ModelAndView:
        View name = null
             View = null
            Model = null

FlashMap:
       Attributes = null

MockHttpServletResponse:
           Status = 200
    Error message = null
          Headers = [Set-Cookie:"football_session=3eb7e0f8-bee8-425a-87b8-2f25b70cb029.39294f23-0ca9-4862-9c70-b5da2b421a5c.1787244850.1787248450.9DAP6MzWRhmOSr1JDOIyxA.H257WCpAEFTCjhfluNvzDwrcvQsN6V5lgFIBrkwGeCM; Path=/; Secure; HttpOnly; SameSite=Lax", Content-Type:"application/json", X-Content-Type-Options:"nosniff", X-XSS-Protection:"0", Cache-Control:"no-cache, no-store, max-age=0, must-revalidate", Pragma:"no-cache", Expires:"0", X-Frame-Options:"DENY"]
     Content type = application/json
             Body = {"token":"3eb7e0f8-bee8-425a-87b8-2f25b70cb029.39294f23-0ca9-4862-9c70-b5da2b421a5c.1787244850.1787248450.9DAP6MzWRhmOSr1JDOIyxA.H257WCpAEFTCjhfluNvzDwrcvQsN6V5lgFIBrkwGeCM","expiresAt":"2026-08-20T17:54:10.611722200Z","userId":"39294f23-0ca9-4862-9c70-b5da2b421a5c"}
    Forwarded URL = null
   Redirected URL = null
          Cookies = [[MockCookie@58e22835 name = 'football_session', value = '3eb7e0f8-bee8-425a-87b8-2f25b70cb029.39294f23-0ca9-4862-9c70-b5da2b421a5c.1787244850.1787248450.9DAP6MzWRhmOSr1JDOIyxA.H257WCpAEFTCjhfluNvzDwrcvQsN6V5lgFIBrkwGeCM', comment = [null], domain = [null], maxAge = -1, path = '/', secure = true, version = 0, httpOnly = true]]

MockHttpServletRequest:
      HTTP Method = POST
      Request URI = /api/sesiones/login
       Parameters = {}
          Headers = [Content-Type:"application/json;charset=UTF-8", Content-Length:"92"]
             Body = {"email":"sesion-ca78dbdb-dd71-4d4c-abc6-dd7468f2d88d@example.com","password":"Secreta-123"}
    Session Attrs = {}

Handler:
             Type = com.example.football.sesiones.presentation.SesionController
           Method = com.example.football.sesiones.presentation.SesionController#login(LoginRequest, HttpServletResponse)

Async:
    Async started = false
     Async result = null

Resolved Exception:
             Type = null

ModelAndView:
        View name = null
             View = null
            Model = null

FlashMap:
       Attributes = null

MockHttpServletResponse:
           Status = 200
    Error message = null
          Headers = [Set-Cookie:"football_session=75e80554-3803-497f-a38d-f5e268fcbca1.39294f23-0ca9-4862-9c70-b5da2b421a5c.1787244850.1787248450.sd9wDVmJXB2wR_-Y4ZTwkg.1acZhG-eFWMW4JQGFX85YKGvA2CIZAmrdSHwsePyDDo; Path=/; Secure; HttpOnly; SameSite=Lax", Content-Type:"application/json", X-Content-Type-Options:"nosniff", X-XSS-Protection:"0", Cache-Control:"no-cache, no-store, max-age=0, must-revalidate", Pragma:"no-cache", Expires:"0", X-Frame-Options:"DENY"]
     Content type = application/json
             Body = {"token":"75e80554-3803-497f-a38d-f5e268fcbca1.39294f23-0ca9-4862-9c70-b5da2b421a5c.1787244850.1787248450.sd9wDVmJXB2wR_-Y4ZTwkg.1acZhG-eFWMW4JQGFX85YKGvA2CIZAmrdSHwsePyDDo","expiresAt":"2026-08-20T17:54:10.674131200Z","userId":"39294f23-0ca9-4862-9c70-b5da2b421a5c"}
    Forwarded URL = null
   Redirected URL = null
          Cookies = [[MockCookie@58d103a4 name = 'football_session', value = '75e80554-3803-497f-a38d-f5e268fcbca1.39294f23-0ca9-4862-9c70-b5da2b421a5c.1787244850.1787248450.sd9wDVmJXB2wR_-Y4ZTwkg.1acZhG-eFWMW4JQGFX85YKGvA2CIZAmrdSHwsePyDDo', comment = [null], domain = [null], maxAge = -1, path = '/', secure = true, version = 0, httpOnly = true]]

MockHttpServletRequest:
      HTTP Method = POST
      Request URI = /api/sesiones/logout
       Parameters = {}
          Headers = [Authorization:"Bearer 3eb7e0f8-bee8-425a-87b8-2f25b70cb029.39294f23-0ca9-4862-9c70-b5da2b421a5c.1787244850.1787248450.9DAP6MzWRhmOSr1JDOIyxA.H257WCpAEFTCjhfluNvzDwrcvQsN6V5lgFIBrkwGeCM"]
             Body = null
    Session Attrs = {SPRING_SECURITY_SAVED_REQUEST=DefaultSavedRequest [http://localhost/api/sesiones/logout?continue]}

Handler:
             Type = null

Async:
    Async started = false
     Async result = null

Resolved Exception:
             Type = null

ModelAndView:
        View name = null
             View = null
            Model = null

FlashMap:
       Attributes = null

MockHttpServletResponse:
           Status = 401
    Error message = Unauthorized
          Headers = [WWW-Authenticate:"Basic realm="Realm", charset="UTF-8"", X-Content-Type-Options:"nosniff", X-XSS-Protection:"0", Cache-Control:"no-cache, no-store, max-age=0, must-revalidate", Pragma:"no-cache", Expires:"0", X-Frame-Options:"DENY"]
     Content type = null
             Body = 
    Forwarded URL = null
   Redirected URL = null
          Cookies = []

MockHttpServletRequest:
      HTTP Method = POST
      Request URI = /api/usuarios
       Parameters = {}
          Headers = [Content-Type:"application/json;charset=UTF-8", Content-Length:"111"]
             Body = {"nombre":"Jugador","email":"sesion-e26de7df-57fd-4e95-9ec3-d610ae5af50a@example.com","password":"Secreta-123"}
    Session Attrs = {}

Handler:
             Type = com.example.football.usuario.presentation.UsuarioController
           Method = com.example.football.usuario.presentation.UsuarioController#registrar(RegistroRequest)

Async:
    Async started = false
     Async result = null

Resolved Exception:
             Type = null

ModelAndView:
        View name = null
             View = null
            Model = null

FlashMap:
       Attributes = null

MockHttpServletResponse:
           Status = 201
    Error message = null
          Headers = [Content-Type:"application/json", X-Content-Type-Options:"nosniff", X-XSS-Protection:"0", Cache-Control:"no-cache, no-store, max-age=0, must-revalidate", Pragma:"no-cache", Expires:"0", X-Frame-Options:"DENY"]
     Content type = application/json
             Body = {"id":"84b9e538-6a7d-4cc0-aa49-ac4bdcbc5bcd","nombre":"Jugador","email":"sesion-e26de7df-57fd-4e95-9ec3-d610ae5af50a@example.com","rol":"USUARIO","membresia":"TRIAL","fechaCreacion":"2026-08-20T16:54:10.895738Z","fechaInicioTrial":"2026-08-20T16:54:10.895738Z","fechaExpiracionMembresia":"2026-08-27T16:54:10.895738Z","nivel":1,"xp":0,"energia":100,"estadoJugador":"NORMAL","estadisticasAcumuladas":"{}","historialPartidos":"[]"}
    Forwarded URL = null
   Redirected URL = null
          Cookies = []

MockHttpServletRequest:
      HTTP Method = POST
      Request URI = /api/sesiones/login
       Parameters = {}
          Headers = [Content-Type:"application/json;charset=UTF-8", Content-Length:"92"]
             Body = {"email":"sesion-e26de7df-57fd-4e95-9ec3-d610ae5af50a@example.com","password":"Secreta-123"}
    Session Attrs = {}

Handler:
             Type = com.example.football.sesiones.presentation.SesionController
           Method = com.example.football.sesiones.presentation.SesionController#login(LoginRequest, HttpServletResponse)

Async:
    Async started = false
     Async result = null

Resolved Exception:
             Type = null

ModelAndView:
        View name = null
             View = null
            Model = null

FlashMap:
       Attributes = null

MockHttpServletResponse:
           Status = 200
    Error message = null
          Headers = [Set-Cookie:"football_session=59943292-3440-4efc-8215-9a8eed71aad3.84b9e538-6a7d-4cc0-aa49-ac4bdcbc5bcd.1787244850.1787248450.KboIo-6v9IhTrGjISWW0kQ.meg_W0876BvmXFacIqBTYrskw24FPCopOONX88LZrWc; Path=/; Secure; HttpOnly; SameSite=Lax", Content-Type:"application/json", X-Content-Type-Options:"nosniff", X-XSS-Protection:"0", Cache-Control:"no-cache, no-store, max-age=0, must-revalidate", Pragma:"no-cache", Expires:"0", X-Frame-Options:"DENY"]
     Content type = application/json
             Body = {"token":"59943292-3440-4efc-8215-9a8eed71aad3.84b9e538-6a7d-4cc0-aa49-ac4bdcbc5bcd.1787244850.1787248450.KboIo-6v9IhTrGjISWW0kQ.meg_W0876BvmXFacIqBTYrskw24FPCopOONX88LZrWc","expiresAt":"2026-08-20T17:54:10.964777Z","userId":"84b9e538-6a7d-4cc0-aa49-ac4bdcbc5bcd"}
    Forwarded URL = null
   Redirected URL = null
          Cookies = [[MockCookie@646599c6 name = 'football_session', value = '59943292-3440-4efc-8215-9a8eed71aad3.84b9e538-6a7d-4cc0-aa49-ac4bdcbc5bcd.1787244850.1787248450.KboIo-6v9IhTrGjISWW0kQ.meg_W0876BvmXFacIqBTYrskw24FPCopOONX88LZrWc', comment = [null], domain = [null], maxAge = -1, path = '/', secure = true, version = 0, httpOnly = true]]
[ERROR] Tests run: 8, Failures: 1, Errors: 2, Skipped: 0, Time elapsed: 7.563 s <<< FAILURE! -- in com.example.football.acceptance.SesionAcceptanceTest
[ERROR] com.example.football.acceptance.SesionAcceptanceTest.rechazaLogoutSinSesionAutenticada -- Time elapsed: 0.011 s <<< ERROR!
com.example.football.usuario.presentation.UnauthorizedException: Se requiere una sesion autenticada
	at com.example.football.sesiones.presentation.SesionAuthenticationFilter.doFilterInternal(SesionAuthenticationFilter.java:57)
	at org.springframework.web.filter.OncePerRequestFilter.doFilter(OncePerRequestFilter.java:116)
	at org.springframework.security.web.FilterChainProxy$VirtualFilterChain.doFilter(FilterChainProxy.java:385)
	at org.springframework.security.web.authentication.logout.LogoutFilter.doFilter(LogoutFilter.java:110)
	at org.springframework.security.web.authentication.logout.LogoutFilter.doFilter(LogoutFilter.java:96)
	at org.springframework.security.web.FilterChainProxy$VirtualFilterChain.doFilter(FilterChainProxy.java:385)
	at org.springframework.security.web.header.HeaderWriterFilter.doHeadersAfter(HeaderWriterFilter.java:90)
	at org.springframework.security.web.header.HeaderWriterFilter.doFilterInternal(HeaderWriterFilter.java:75)
	at org.springframework.web.filter.OncePerRequestFilter.doFilter(OncePerRequestFilter.java:116)
	at org.springframework.security.web.FilterChainProxy$VirtualFilterChain.doFilter(FilterChainProxy.java:385)
	at org.springframework.security.web.context.SecurityContextHolderFilter.doFilter(SecurityContextHolderFilter.java:82)
	at org.springframework.security.web.context.SecurityContextHolderFilter.doFilter(SecurityContextHolderFilter.java:69)
	at org.springframework.security.web.FilterChainProxy$VirtualFilterChain.doFilter(FilterChainProxy.java:385)
	at org.springframework.security.web.context.request.async.WebAsyncManagerIntegrationFilter.doFilterInternal(WebAsyncManagerIntegrationFilter.java:62)
	at org.springframework.web.filter.OncePerRequestFilter.doFilter(OncePerRequestFilter.java:116)
	at org.springframework.security.web.FilterChainProxy$VirtualFilterChain.doFilter(FilterChainProxy.java:385)
	at org.springframework.security.web.session.DisableEncodeUrlFilter.doFilterInternal(DisableEncodeUrlFilter.java:42)
	at org.springframework.web.filter.OncePerRequestFilter.doFilter(OncePerRequestFilter.java:116)
	at org.springframework.security.web.FilterChainProxy$VirtualFilterChain.doFilter(FilterChainProxy.java:385)
	at org.springframework.security.web.FilterChainProxy.doFilterInternal(FilterChainProxy.java:237)
	at org.springframework.security.web.FilterChainProxy.doFilter(FilterChainProxy.java:195)
	at org.springframework.web.filter.CompositeFilter$VirtualFilterChain.doFilter(CompositeFilter.java:113)
	at org.springframework.web.filter.ServletRequestPathFilter.doFilter(ServletRequestPathFilter.java:52)
	at org.springframework.web.filter.CompositeFilter$VirtualFilterChain.doFilter(CompositeFilter.java:113)
	at org.springframework.web.filter.CompositeFilter.doFilter(CompositeFilter.java:74)
	at org.springframework.security.config.annotation.web.configuration.WebSecurityConfiguration$CompositeFilterChainProxy.doFilter(WebSecurityConfiguration.java:317)
	at org.springframework.web.filter.DelegatingFilterProxy.invokeDelegate(DelegatingFilterProxy.java:355)
	at org.springframework.web.filter.DelegatingFilterProxy.doFilter(DelegatingFilterProxy.java:272)
	at org.springframework.test.web.servlet.setup.MockMvcFilterDecorator.doFilter(MockMvcFilterDecorator.java:160)
	at org.springframework.mock.web.MockFilterChain.doFilter(MockFilterChain.java:127)
	at org.springframework.web.filter.RequestContextFilter.doFilterInternal(RequestContextFilter.java:100)
	at org.springframework.web.filter.OncePerRequestFilter.doFilter(OncePerRequestFilter.java:116)
	at org.springframework.test.web.servlet.setup.MockMvcFilterDecorator.doFilter(MockMvcFilterDecorator.java:160)
	at org.springframework.mock.web.MockFilterChain.doFilter(MockFilterChain.java:127)
	at org.springframework.web.filter.FormContentFilter.doFilterInternal(FormContentFilter.java:93)
	at org.springframework.web.filter.OncePerRequestFilter.doFilter(OncePerRequestFilter.java:116)
	at org.springframework.test.web.servlet.setup.MockMvcFilterDecorator.doFilter(MockMvcFilterDecorator.java:160)
	at org.springframework.mock.web.MockFilterChain.doFilter(MockFilterChain.java:127)
	at org.springframework.web.filter.CharacterEncodingFilter.doFilterInternal(CharacterEncodingFilter.java:199)
	at org.springframework.web.filter.OncePerRequestFilter.doFilter(OncePerRequestFilter.java:116)
	at org.springframework.test.web.servlet.setup.MockMvcFilterDecorator.doFilter(MockMvcFilterDecorator.java:160)
	at org.springframework.mock.web.MockFilterChain.doFilter(MockFilterChain.java:127)
	at org.springframework.test.web.servlet.MockMvc.perform(MockMvc.java:199)
	at com.example.football.acceptance.SesionAcceptanceTest.rechazaLogoutSinSesionAutenticada(SesionAcceptanceTest.java:167)

[ERROR] com.example.football.acceptance.SesionAcceptanceTest.logoutEsIdempotenteRevocaSoloLaSesionCerrada -- Time elapsed: 0.215 s <<< FAILURE!
java.lang.AssertionError: Status expected:<204> but was:<401>
	at org.springframework.test.util.AssertionErrors.fail(AssertionErrors.java:62)
	at org.springframework.test.util.AssertionErrors.assertEquals(AssertionErrors.java:129)
	at org.springframework.test.web.servlet.result.StatusResultMatchers.lambda$matcher$0(StatusResultMatchers.java:600)
	at org.springframework.test.web.servlet.MockMvc$1.andExpect(MockMvc.java:212)
	at com.example.football.acceptance.SesionAcceptanceTest.logoutEsIdempotenteRevocaSoloLaSesionCerrada(SesionAcceptanceTest.java:154)

[ERROR] com.example.football.acceptance.SesionAcceptanceTest.protegeRutasYExponeSoloLaIdentidadAutenticada -- Time elapsed: 0.139 s <<< ERROR!
com.example.football.usuario.presentation.UnauthorizedException: Se requiere una sesion autenticada
	at com.example.football.sesiones.presentation.SesionAuthenticationFilter.doFilterInternal(SesionAuthenticationFilter.java:57)
	at org.springframework.web.filter.OncePerRequestFilter.doFilter(OncePerRequestFilter.java:116)
	at org.springframework.security.web.FilterChainProxy$VirtualFilterChain.doFilter(FilterChainProxy.java:385)
	at org.springframework.security.web.authentication.logout.LogoutFilter.doFilter(LogoutFilter.java:110)
	at org.springframework.security.web.authentication.logout.LogoutFilter.doFilter(LogoutFilter.java:96)
	at org.springframework.security.web.FilterChainProxy$VirtualFilterChain.doFilter(FilterChainProxy.java:385)
	at org.springframework.security.web.header.HeaderWriterFilter.doHeadersAfter(HeaderWriterFilter.java:90)
	at org.springframework.security.web.header.HeaderWriterFilter.doFilterInternal(HeaderWriterFilter.java:75)
	at org.springframework.web.filter.OncePerRequestFilter.doFilter(OncePerRequestFilter.java:116)
	at org.springframework.security.web.FilterChainProxy$VirtualFilterChain.doFilter(FilterChainProxy.java:385)
	at org.springframework.security.web.context.SecurityContextHolderFilter.doFilter(SecurityContextHolderFilter.java:82)
	at org.springframework.security.web.context.SecurityContextHolderFilter.doFilter(SecurityContextHolderFilter.java:69)
	at org.springframework.security.web.FilterChainProxy$VirtualFilterChain.doFilter(FilterChainProxy.java:385)
	at org.springframework.security.web.context.request.async.WebAsyncManagerIntegrationFilter.doFilterInternal(WebAsyncManagerIntegrationFilter.java:62)
	at org.springframework.web.filter.OncePerRequestFilter.doFilter(OncePerRequestFilter.java:116)
	at org.springframework.security.web.FilterChainProxy$VirtualFilterChain.doFilter(FilterChainProxy.java:385)
	at org.springframework.security.web.session.DisableEncodeUrlFilter.doFilterInternal(DisableEncodeUrlFilter.java:42)
	at org.springframework.web.filter.OncePerRequestFilter.doFilter(OncePerRequestFilter.java:116)
	at org.springframework.security.web.FilterChainProxy$VirtualFilterChain.doFilter(FilterChainProxy.java:385)
	at org.springframework.security.web.FilterChainProxy.doFilterInternal(FilterChainProxy.java:237)
	at org.springframework.security.web.FilterChainProxy.doFilter(FilterChainProxy.java:195)
	at org.springframework.web.filter.CompositeFilter$VirtualFilterChain.doFilter(CompositeFilter.java:113)
	at org.springframework.web.filter.ServletRequestPathFilter.doFilter(ServletRequestPathFilter.java:52)
	at org.springframework.web.filter.CompositeFilter$VirtualFilterChain.doFilter(CompositeFilter.java:113)
	at org.springframework.web.filter.CompositeFilter.doFilter(CompositeFilter.java:74)
	at org.springframework.security.config.annotation.web.configuration.WebSecurityConfiguration$CompositeFilterChainProxy.doFilter(WebSecurityConfiguration.java:317)
	at org.springframework.web.filter.DelegatingFilterProxy.invokeDelegate(DelegatingFilterProxy.java:355)
	at org.springframework.web.filter.DelegatingFilterProxy.doFilter(DelegatingFilterProxy.java:272)
	at org.springframework.test.web.servlet.setup.MockMvcFilterDecorator.doFilter(MockMvcFilterDecorator.java:160)
	at org.springframework.mock.web.MockFilterChain.doFilter(MockFilterChain.java:127)
	at org.springframework.web.filter.RequestContextFilter.doFilterInternal(RequestContextFilter.java:100)
	at org.springframework.web.filter.OncePerRequestFilter.doFilter(OncePerRequestFilter.java:116)
	at org.springframework.test.web.servlet.setup.MockMvcFilterDecorator.doFilter(MockMvcFilterDecorator.java:160)
	at org.springframework.mock.web.MockFilterChain.doFilter(MockFilterChain.java:127)
	at org.springframework.web.filter.FormContentFilter.doFilterInternal(FormContentFilter.java:93)
	at org.springframework.web.filter.OncePerRequestFilter.doFilter(OncePerRequestFilter.java:116)
	at org.springframework.test.web.servlet.setup.MockMvcFilterDecorator.doFilter(MockMvcFilterDecorator.java:160)
	at org.springframework.mock.web.MockFilterChain.doFilter(MockFilterChain.java:127)
	at org.springframework.web.filter.CharacterEncodingFilter.doFilterInternal(CharacterEncodingFilter.java:199)
	at org.springframework.web.filter.OncePerRequestFilter.doFilter(OncePerRequestFilter.java:116)
	at org.springframework.test.web.servlet.setup.MockMvcFilterDecorator.doFilter(MockMvcFilterDecorator.java:160)
	at org.springframework.mock.web.MockFilterChain.doFilter(MockFilterChain.java:127)
	at org.springframework.test.web.servlet.MockMvc.perform(MockMvc.java:199)
	at com.example.football.acceptance.SesionAcceptanceTest.protegeRutasYExponeSoloLaIdentidadAutenticada(SesionAcceptanceTest.java:134)

[INFO] Running com.example.football.acceptance.UsuarioAcceptanceTest
2026-08-20T18:54:10.980+02:00  INFO 20132 --- [football] [           main] t.c.s.AnnotationConfigContextLoaderUtils : Could not detect default configuration classes for test class [com.example.football.acceptance.UsuarioAcceptanceTest]: UsuarioAcceptanceTest does not declare any static, non-private, non-final, nested classes annotated with @Configuration.
2026-08-20T18:54:10.980+02:00  INFO 20132 --- [football] [           main] .b.t.c.SpringBootTestContextBootstrapper : Found @SpringBootConfiguration com.example.football.FootballApplication for test class com.example.football.acceptance.UsuarioAcceptanceTest
2026-08-20T18:54:10.980+02:00  INFO 20132 --- [football] [           main] t.c.s.AnnotationConfigContextLoaderUtils : Could not detect default configuration classes for test class [com.example.football.acceptance.UsuarioAcceptanceTest]: UsuarioAcceptanceTest does not declare any static, non-private, non-final, nested classes annotated with @Configuration.
2026-08-20T18:54:10.980+02:00  INFO 20132 --- [football] [           main] .b.t.c.SpringBootTestContextBootstrapper : Found @SpringBootConfiguration com.example.football.FootballApplication for test class com.example.football.acceptance.UsuarioAcceptanceTest
2026-08-20T18:54:10.980+02:00  INFO 20132 --- [football] [           main] o.s.b.d.r.RestartApplicationListener     : Restart disabled due to context in which it is running

  .   ____          _            __ _ _
 /\\ / ___'_ __ _ _(_)_ __  __ _ \ \ \ \
( ( )\___ | '_ | '_| | '_ \/ _` | \ \ \ \
 \\/  ___)| |_)| | | | | || (_| |  ) ) ) )
  '  |____| .__|_| |_|_| |_\__, | / / / /
 =========|_|==============|___/=/_/_/_/

 :: Spring Boot ::       (v4.1.1-SNAPSHOT)

2026-08-20T18:54:11.011+02:00  INFO 20132 --- [football] [           main] c.e.f.acceptance.UsuarioAcceptanceTest   : Starting UsuarioAcceptanceTest using Java 21.0.5 with PID 20132 (started by mucho in c:\Users\mucho\Desktop\ProyectoFootball\football)
2026-08-20T18:54:11.011+02:00  INFO 20132 --- [football] [           main] c.e.f.acceptance.UsuarioAcceptanceTest   : The following 1 profile is active: "test"
2026-08-20T18:54:11.145+02:00  INFO 20132 --- [football] [           main] .s.d.r.c.RepositoryConfigurationDelegate : Bootstrapping Spring Data JPA repositories in DEFAULT mode.
2026-08-20T18:54:11.156+02:00  INFO 20132 --- [football] [           main] .s.d.r.c.RepositoryConfigurationDelegate : Finished Spring Data repository scanning in 9 ms. Found 3 JPA repository interfaces.
2026-08-20T18:54:11.211+02:00  INFO 20132 --- [football] [           main] org.hibernate.orm.jpa                    : HHH008540: Processing PersistenceUnitInfo [name: default]
2026-08-20T18:54:11.228+02:00  INFO 20132 --- [football] [           main] o.s.o.j.p.SpringPersistenceUnitInfo      : No LoadTimeWeaver setup: ignoring JPA class transformer
2026-08-20T18:54:11.228+02:00  INFO 20132 --- [football] [           main] com.zaxxer.hikari.HikariDataSource       : HikariPool-2 - Starting...
2026-08-20T18:54:11.255+02:00  INFO 20132 --- [football] [           main] com.zaxxer.hikari.pool.HikariPool        : HikariPool-2 - Added connection org.postgresql.jdbc.PgConnection@578fb678
2026-08-20T18:54:11.255+02:00  INFO 20132 --- [football] [           main] com.zaxxer.hikari.HikariDataSource       : HikariPool-2 - Start completed.
2026-08-20T18:54:11.266+02:00  WARN 20132 --- [football] [           main] org.hibernate.orm.deprecation            : HHH90000025: PostgreSQLDialect does not need to be specified explicitly using 'hibernate.dialect' (remove the property setting and it will be selected by default)
2026-08-20T18:54:11.266+02:00  INFO 20132 --- [football] [           main] org.hibernate.orm.connections.pooling    : HHH10001005: Database info:
	Database JDBC URL [jdbc:postgresql://localhost:5432/football_test]
	Database driver: PostgreSQL JDBC Driver
	Database dialect: PostgreSQLDialect
	Database version: 17.6
	Default catalog/schema: football_test/public
	Autocommit mode: undefined/unknown
	Isolation level: READ_COMMITTED [default READ_COMMITTED]
	JDBC fetch size: none
	Pool: DataSourceConnectionProvider
	Minimum pool size: undefined/unknown
	Maximum pool size: undefined/unknown
2026-08-20T18:54:11.299+02:00  INFO 20132 --- [football] [           main] org.hibernate.orm.core                   : HHH000489: No JTA platform available (set 'hibernate.transaction.jta.platform' to enable JTA platform integration)
2026-08-20T18:54:11.346+02:00  INFO 20132 --- [football] [           main] j.LocalContainerEntityManagerFactoryBean : Initialized JPA EntityManagerFactory for persistence unit 'default'
2026-08-20T18:54:11.416+02:00  WARN 20132 --- [football] [           main] .s.a.UserDetailsServiceAutoConfiguration : 

Using generated security password: 7554e52a-4685-4226-9051-1282ae4f754c

This generated password is for development use only. Your security configuration must be updated before running your application in production.

2026-08-20T18:54:11.416+02:00  INFO 20132 --- [football] [           main] r$InitializeUserDetailsManagerConfigurer : Global AuthenticationManager configured with UserDetailsService bean with name inMemoryUserDetailsManager
2026-08-20T18:54:11.497+02:00  INFO 20132 --- [football] [           main] o.s.b.t.m.w.SpringBootMockServletContext : Initializing Spring TestDispatcherServlet ''
2026-08-20T18:54:11.497+02:00  INFO 20132 --- [football] [           main] o.s.t.web.servlet.TestDispatcherServlet  : Initializing Servlet ''
2026-08-20T18:54:11.497+02:00  INFO 20132 --- [football] [           main] o.s.t.web.servlet.TestDispatcherServlet  : Completed initialization in 0 ms
2026-08-20T18:54:11.517+02:00  INFO 20132 --- [football] [           main] c.e.f.acceptance.UsuarioAcceptanceTest   : Started UsuarioAcceptanceTest in 0.537 seconds (process running for 8.624)

MockHttpServletRequest:
      HTTP Method = POST
      Request URI = /api/usuarios
       Parameters = {}
          Headers = [Content-Type:"application/json;charset=UTF-8", Content-Length:"116"]
             Body = {"nombre":"Propietario","email":"usuario-9b1c10a0-7dad-47d8-bfc0-2aab9fe655a2@example.com","password":"Secreta-123"}
    Session Attrs = {}

Handler:
             Type = com.example.football.usuario.presentation.UsuarioController
           Method = com.example.football.usuario.presentation.UsuarioController#registrar(RegistroRequest)

Async:
    Async started = false
     Async result = null

Resolved Exception:
             Type = null

ModelAndView:
        View name = null
             View = null
            Model = null

FlashMap:
       Attributes = null

MockHttpServletResponse:
           Status = 201
    Error message = null
          Headers = [Content-Type:"application/json", X-Content-Type-Options:"nosniff", X-XSS-Protection:"0", Cache-Control:"no-cache, no-store, max-age=0, must-revalidate", Pragma:"no-cache", Expires:"0", X-Frame-Options:"DENY"]
     Content type = application/json
             Body = {"id":"ab83f95d-b66f-4afd-a546-95ad15a40ece","nombre":"Propietario","email":"usuario-9b1c10a0-7dad-47d8-bfc0-2aab9fe655a2@example.com","rol":"USUARIO","membresia":"TRIAL","fechaCreacion":"2026-08-20T16:54:11.593695800Z","fechaInicioTrial":"2026-08-20T16:54:11.593695800Z","fechaExpiracionMembresia":"2026-08-27T16:54:11.593695800Z","nivel":1,"xp":0,"energia":100,"estadoJugador":"NORMAL","estadisticasAcumuladas":"{}","historialPartidos":"[]"}
    Forwarded URL = null
   Redirected URL = null
          Cookies = []

MockHttpServletRequest:
      HTTP Method = POST
      Request URI = /api/usuarios
       Parameters = {}
          Headers = [Content-Type:"application/json;charset=UTF-8", Content-Length:"109"]
             Body = {"nombre":"Otro","email":"usuario-e65c6010-fc64-41f4-889c-cb46ced8c361@example.com","password":"Secreta-123"}
    Session Attrs = {}

Handler:
             Type = com.example.football.usuario.presentation.UsuarioController
           Method = com.example.football.usuario.presentation.UsuarioController#registrar(RegistroRequest)

Async:
    Async started = false
     Async result = null

Resolved Exception:
             Type = null

ModelAndView:
        View name = null
             View = null
            Model = null

FlashMap:
       Attributes = null

MockHttpServletResponse:
           Status = 201
    Error message = null
          Headers = [Content-Type:"application/json", X-Content-Type-Options:"nosniff", X-XSS-Protection:"0", Cache-Control:"no-cache, no-store, max-age=0, must-revalidate", Pragma:"no-cache", Expires:"0", X-Frame-Options:"DENY"]
     Content type = application/json
             Body = {"id":"138f8736-7bd6-4fd3-83be-6ebfc3e757ca","nombre":"Otro","email":"usuario-e65c6010-fc64-41f4-889c-cb46ced8c361@example.com","rol":"USUARIO","membresia":"TRIAL","fechaCreacion":"2026-08-20T16:54:11.672552300Z","fechaInicioTrial":"2026-08-20T16:54:11.672552300Z","fechaExpiracionMembresia":"2026-08-27T16:54:11.672552300Z","nivel":1,"xp":0,"energia":100,"estadoJugador":"NORMAL","estadisticasAcumuladas":"{}","historialPartidos":"[]"}
    Forwarded URL = null
   Redirected URL = null
          Cookies = []

MockHttpServletRequest:
      HTTP Method = GET
      Request URI = /api/usuarios/me
       Parameters = {}
          Headers = []
             Body = null
    Session Attrs = {SPRING_SECURITY_SAVED_REQUEST=DefaultSavedRequest [http://localhost/api/usuarios/me?continue]}

Handler:
             Type = null

Async:
    Async started = false
     Async result = null

Resolved Exception:
             Type = null

ModelAndView:
        View name = null
             View = null
            Model = null

FlashMap:
       Attributes = null

MockHttpServletResponse:
           Status = 401
    Error message = Unauthorized
          Headers = [WWW-Authenticate:"Basic realm="Realm", charset="UTF-8"", X-Content-Type-Options:"nosniff", X-XSS-Protection:"0", Cache-Control:"no-cache, no-store, max-age=0, must-revalidate", Pragma:"no-cache", Expires:"0", X-Frame-Options:"DENY"]
     Content type = null
             Body = 
    Forwarded URL = null
   Redirected URL = null
          Cookies = []

MockHttpServletRequest:
      HTTP Method = POST
      Request URI = /api/usuarios
       Parameters = {}
          Headers = [Content-Type:"application/json;charset=UTF-8", Content-Length:"112"]
             Body = {"nombre":"Jugador","email":"usuario-45c9c56f-818f-4704-972d-b8d75c559ca0@example.com","password":"Secreta-123"}
    Session Attrs = {}

Handler:
             Type = com.example.football.usuario.presentation.UsuarioController
           Method = com.example.football.usuario.presentation.UsuarioController#registrar(RegistroRequest)

Async:
    Async started = false
     Async result = null

Resolved Exception:
             Type = null

ModelAndView:
        View name = null
             View = null
            Model = null

FlashMap:
       Attributes = null

MockHttpServletResponse:
           Status = 201
    Error message = null
          Headers = [Content-Type:"application/json", X-Content-Type-Options:"nosniff", X-XSS-Protection:"0", Cache-Control:"no-cache, no-store, max-age=0, must-revalidate", Pragma:"no-cache", Expires:"0", X-Frame-Options:"DENY"]
     Content type = application/json
             Body = {"id":"80c3939c-a488-4a6f-97dd-861f69cbf9b7","nombre":"Jugador","email":"usuario-45c9c56f-818f-4704-972d-b8d75c559ca0@example.com","rol":"USUARIO","membresia":"TRIAL","fechaCreacion":"2026-08-20T16:54:11.878393300Z","fechaInicioTrial":"2026-08-20T16:54:11.878393300Z","fechaExpiracionMembresia":"2026-08-27T16:54:11.878393300Z","nivel":1,"xp":0,"energia":100,"estadoJugador":"NORMAL","estadisticasAcumuladas":"{}","historialPartidos":"[]"}
    Forwarded URL = null
   Redirected URL = null
          Cookies = []

MockHttpServletRequest:
      HTTP Method = PUT
      Request URI = /api/usuarios/me/progreso
       Parameters = {}
          Headers = [Content-Type:"application/json;charset=UTF-8", Content-Length:"14"]
             Body = {"energia":40}
    Session Attrs = {SPRING_SECURITY_SAVED_REQUEST=DefaultSavedRequest [http://localhost/api/usuarios/me/progreso?continue]}

Handler:
             Type = null

Async:
    Async started = false
     Async result = null

Resolved Exception:
             Type = null

ModelAndView:
        View name = null
             View = null
            Model = null

FlashMap:
       Attributes = null

MockHttpServletResponse:
           Status = 401
    Error message = Unauthorized
          Headers = [WWW-Authenticate:"Basic realm="Realm", charset="UTF-8"", X-Content-Type-Options:"nosniff", X-XSS-Protection:"0", Cache-Control:"no-cache, no-store, max-age=0, must-revalidate", Pragma:"no-cache", Expires:"0", X-Frame-Options:"DENY"]
     Content type = null
             Body = 
    Forwarded URL = null
   Redirected URL = null
          Cookies = []

MockHttpServletRequest:
      HTTP Method = POST
      Request URI = /api/usuarios
       Parameters = {}
          Headers = [Content-Type:"application/json;charset=UTF-8", Content-Length:"112"]
             Body = {"nombre":"Jugador","email":"usuario-e9fa2b47-209c-4509-950b-93bfb2694e20@example.com","password":"Secreta-123"}
    Session Attrs = {}

Handler:
             Type = com.example.football.usuario.presentation.UsuarioController
           Method = com.example.football.usuario.presentation.UsuarioController#registrar(RegistroRequest)

Async:
    Async started = false
     Async result = null

Resolved Exception:
             Type = null

ModelAndView:
        View name = null
             View = null
            Model = null

FlashMap:
       Attributes = null

MockHttpServletResponse:
           Status = 201
    Error message = null
          Headers = [Content-Type:"application/json", X-Content-Type-Options:"nosniff", X-XSS-Protection:"0", Cache-Control:"no-cache, no-store, max-age=0, must-revalidate", Pragma:"no-cache", Expires:"0", X-Frame-Options:"DENY"]
     Content type = application/json
             Body = {"id":"f57caf2f-7d71-49b0-9b53-01632ce134d2","nombre":"Jugador","email":"usuario-e9fa2b47-209c-4509-950b-93bfb2694e20@example.com","rol":"USUARIO","membresia":"TRIAL","fechaCreacion":"2026-08-20T16:54:11.955782400Z","fechaInicioTrial":"2026-08-20T16:54:11.955782400Z","fechaExpiracionMembresia":"2026-08-27T16:54:11.955782400Z","nivel":1,"xp":0,"energia":100,"estadoJugador":"NORMAL","estadisticasAcumuladas":"{}","historialPartidos":"[]"}
    Forwarded URL = null
   Redirected URL = null
          Cookies = []

MockHttpServletRequest:
      HTTP Method = PUT
      Request URI = /api/usuarios/me/progreso
       Parameters = {}
          Headers = [Content-Type:"application/json;charset=UTF-8", Content-Length:"83"]
             Body = {"nivel":4,"xp":850,"energia":63,"estado":"LESIONADO","historialPartidos":"[1,2]"}

    Session Attrs = {SPRING_SECURITY_SAVED_REQUEST=DefaultSavedRequest [http://localhost/api/usuarios/me/progreso?continue]}

Handler:
             Type = null

Async:
    Async started = false
     Async result = null

Resolved Exception:
             Type = null

ModelAndView:
        View name = null
             View = null
            Model = null

FlashMap:
       Attributes = null

MockHttpServletResponse:
           Status = 401
    Error message = Unauthorized
          Headers = [WWW-Authenticate:"Basic realm="Realm", charset="UTF-8"", X-Content-Type-Options:"nosniff", X-XSS-Protection:"0", Cache-Control:"no-cache, no-store, max-age=0, must-revalidate", Pragma:"no-cache", Expires:"0", X-Frame-Options:"DENY"]
     Content type = null
             Body = 
    Forwarded URL = null
   Redirected URL = null
          Cookies = []

MockHttpServletRequest:
      HTTP Method = POST
      Request URI = /api/usuarios
       Parameters = {}
          Headers = [Content-Type:"application/json;charset=UTF-8", Content-Length:"112"]
             Body = {"nombre":"Jugador","email":"usuario-09f1c1a6-f124-4261-96b7-afe13494a1c7@example.com","password":"Secreta-123"}
    Session Attrs = {}

Handler:
             Type = com.example.football.usuario.presentation.UsuarioController
           Method = com.example.football.usuario.presentation.UsuarioController#registrar(RegistroRequest)

Async:
    Async started = false
     Async result = null

Resolved Exception:
             Type = null

ModelAndView:
        View name = null
             View = null
            Model = null

FlashMap:
       Attributes = null

MockHttpServletResponse:
           Status = 201
    Error message = null
          Headers = [Content-Type:"application/json", X-Content-Type-Options:"nosniff", X-XSS-Protection:"0", Cache-Control:"no-cache, no-store, max-age=0, must-revalidate", Pragma:"no-cache", Expires:"0", X-Frame-Options:"DENY"]
     Content type = application/json
             Body = {"id":"3b778387-e668-4401-9d5c-c3633024c821","nombre":"Jugador","email":"usuario-09f1c1a6-f124-4261-96b7-afe13494a1c7@example.com","rol":"USUARIO","membresia":"TRIAL","fechaCreacion":"2026-08-20T16:54:12.111153900Z","fechaInicioTrial":"2026-08-20T16:54:12.111153900Z","fechaExpiracionMembresia":"2026-08-27T16:54:12.111153900Z","nivel":1,"xp":0,"energia":100,"estadoJugador":"NORMAL","estadisticasAcumuladas":"{}","historialPartidos":"[]"}
    Forwarded URL = null
   Redirected URL = null
          Cookies = []

MockHttpServletRequest:
      HTTP Method = PUT
      Request URI = /api/usuarios/me/progreso
       Parameters = {}
          Headers = [Content-Type:"application/json;charset=UTF-8", Content-Length:"15"]
             Body = {"energia":101}
    Session Attrs = {SPRING_SECURITY_SAVED_REQUEST=DefaultSavedRequest [http://localhost/api/usuarios/me/progreso?continue]}

Handler:
             Type = null

Async:
    Async started = false
     Async result = null

Resolved Exception:
             Type = null

ModelAndView:
        View name = null
             View = null
            Model = null

FlashMap:
       Attributes = null

MockHttpServletResponse:
           Status = 401
    Error message = Unauthorized
          Headers = [WWW-Authenticate:"Basic realm="Realm", charset="UTF-8"", X-Content-Type-Options:"nosniff", X-XSS-Protection:"0", Cache-Control:"no-cache, no-store, max-age=0, must-revalidate", Pragma:"no-cache", Expires:"0", X-Frame-Options:"DENY"]
     Content type = null
             Body = 
    Forwarded URL = null
   Redirected URL = null
          Cookies = []
[ERROR] Tests run: 7, Failures: 4, Errors: 1, Skipped: 0, Time elapsed: 1.138 s <<< FAILURE! -- in com.example.football.acceptance.UsuarioAcceptanceTest
[ERROR] com.example.football.acceptance.UsuarioAcceptanceTest.bloqueaAccesoSinSesionYAccesoAlProgresoDeOtroUsuario -- Time elapsed: 0.162 s <<< ERROR!
com.example.football.usuario.presentation.UnauthorizedException: Se requiere una sesion autenticada
	at com.example.football.sesiones.presentation.SesionAuthenticationFilter.doFilterInternal(SesionAuthenticationFilter.java:57)
	at org.springframework.web.filter.OncePerRequestFilter.doFilter(OncePerRequestFilter.java:116)
	at org.springframework.security.web.FilterChainProxy$VirtualFilterChain.doFilter(FilterChainProxy.java:385)
	at org.springframework.security.web.authentication.logout.LogoutFilter.doFilter(LogoutFilter.java:110)
	at org.springframework.security.web.authentication.logout.LogoutFilter.doFilter(LogoutFilter.java:96)
	at org.springframework.security.web.FilterChainProxy$VirtualFilterChain.doFilter(FilterChainProxy.java:385)
	at org.springframework.security.web.header.HeaderWriterFilter.doHeadersAfter(HeaderWriterFilter.java:90)
	at org.springframework.security.web.header.HeaderWriterFilter.doFilterInternal(HeaderWriterFilter.java:75)
	at org.springframework.web.filter.OncePerRequestFilter.doFilter(OncePerRequestFilter.java:116)
	at org.springframework.security.web.FilterChainProxy$VirtualFilterChain.doFilter(FilterChainProxy.java:385)
	at org.springframework.security.web.context.SecurityContextHolderFilter.doFilter(SecurityContextHolderFilter.java:82)
	at org.springframework.security.web.context.SecurityContextHolderFilter.doFilter(SecurityContextHolderFilter.java:69)
	at org.springframework.security.web.FilterChainProxy$VirtualFilterChain.doFilter(FilterChainProxy.java:385)
	at org.springframework.security.web.context.request.async.WebAsyncManagerIntegrationFilter.doFilterInternal(WebAsyncManagerIntegrationFilter.java:62)
	at org.springframework.web.filter.OncePerRequestFilter.doFilter(OncePerRequestFilter.java:116)
	at org.springframework.security.web.FilterChainProxy$VirtualFilterChain.doFilter(FilterChainProxy.java:385)
	at org.springframework.security.web.session.DisableEncodeUrlFilter.doFilterInternal(DisableEncodeUrlFilter.java:42)
	at org.springframework.web.filter.OncePerRequestFilter.doFilter(OncePerRequestFilter.java:116)
	at org.springframework.security.web.FilterChainProxy$VirtualFilterChain.doFilter(FilterChainProxy.java:385)
	at org.springframework.security.web.FilterChainProxy.doFilterInternal(FilterChainProxy.java:237)
	at org.springframework.security.web.FilterChainProxy.doFilter(FilterChainProxy.java:195)
	at org.springframework.web.filter.CompositeFilter$VirtualFilterChain.doFilter(CompositeFilter.java:113)
	at org.springframework.web.filter.ServletRequestPathFilter.doFilter(ServletRequestPathFilter.java:52)
	at org.springframework.web.filter.CompositeFilter$VirtualFilterChain.doFilter(CompositeFilter.java:113)
	at org.springframework.web.filter.CompositeFilter.doFilter(CompositeFilter.java:74)
	at org.springframework.security.config.annotation.web.configuration.WebSecurityConfiguration$CompositeFilterChainProxy.doFilter(WebSecurityConfiguration.java:317)
	at org.springframework.web.filter.DelegatingFilterProxy.invokeDelegate(DelegatingFilterProxy.java:355)
	at org.springframework.web.filter.DelegatingFilterProxy.doFilter(DelegatingFilterProxy.java:272)
	at org.springframework.test.web.servlet.setup.MockMvcFilterDecorator.doFilter(MockMvcFilterDecorator.java:160)
	at org.springframework.mock.web.MockFilterChain.doFilter(MockFilterChain.java:127)
	at org.springframework.web.filter.RequestContextFilter.doFilterInternal(RequestContextFilter.java:100)
	at org.springframework.web.filter.OncePerRequestFilter.doFilter(OncePerRequestFilter.java:116)
	at org.springframework.test.web.servlet.setup.MockMvcFilterDecorator.doFilter(MockMvcFilterDecorator.java:160)
	at org.springframework.mock.web.MockFilterChain.doFilter(MockFilterChain.java:127)
	at org.springframework.web.filter.FormContentFilter.doFilterInternal(FormContentFilter.java:93)
	at org.springframework.web.filter.OncePerRequestFilter.doFilter(OncePerRequestFilter.java:116)
	at org.springframework.test.web.servlet.setup.MockMvcFilterDecorator.doFilter(MockMvcFilterDecorator.java:160)
	at org.springframework.mock.web.MockFilterChain.doFilter(MockFilterChain.java:127)
	at org.springframework.web.filter.CharacterEncodingFilter.doFilterInternal(CharacterEncodingFilter.java:199)
	at org.springframework.web.filter.OncePerRequestFilter.doFilter(OncePerRequestFilter.java:116)
	at org.springframework.test.web.servlet.setup.MockMvcFilterDecorator.doFilter(MockMvcFilterDecorator.java:160)
	at org.springframework.mock.web.MockFilterChain.doFilter(MockFilterChain.java:127)
	at org.springframework.test.web.servlet.MockMvc.perform(MockMvc.java:199)
	at com.example.football.acceptance.UsuarioAcceptanceTest.bloqueaAccesoSinSesionYAccesoAlProgresoDeOtroUsuario(UsuarioAcceptanceTest.java:152)

[ERROR] com.example.football.acceptance.UsuarioAcceptanceTest.devuelveNoEncontradoSinCrearUsuario -- Time elapsed: 0.011 s <<< FAILURE!
java.lang.AssertionError: Status expected:<404> but was:<401>
	at org.springframework.test.util.AssertionErrors.fail(AssertionErrors.java:62)
	at org.springframework.test.util.AssertionErrors.assertEquals(AssertionErrors.java:129)
	at org.springframework.test.web.servlet.result.StatusResultMatchers.lambda$matcher$0(StatusResultMatchers.java:600)
	at org.springframework.test.web.servlet.MockMvc$1.andExpect(MockMvc.java:212)
	at com.example.football.acceptance.UsuarioAcceptanceTest.devuelveNoEncontradoSinCrearUsuario(UsuarioAcceptanceTest.java:166)

[ERROR] com.example.football.acceptance.UsuarioAcceptanceTest.actualizacionParcialConservaLosCamposNoModificados -- Time elapsed: 0.076 s <<< FAILURE!
java.lang.AssertionError: Status expected:<200> but was:<401>
	at org.springframework.test.util.AssertionErrors.fail(AssertionErrors.java:62)
	at org.springframework.test.util.AssertionErrors.assertEquals(AssertionErrors.java:129)
	at org.springframework.test.web.servlet.result.StatusResultMatchers.lambda$matcher$0(StatusResultMatchers.java:600)
	at org.springframework.test.web.servlet.MockMvc$1.andExpect(MockMvc.java:212)
	at com.example.football.acceptance.UsuarioAcceptanceTest.actualizacionParcialConservaLosCamposNoModificados(UsuarioAcceptanceTest.java:124)

[ERROR] com.example.football.acceptance.UsuarioAcceptanceTest.recuperaElProgresoPersistidoDelUsuarioAutenticado -- Time elapsed: 0.071 s <<< FAILURE!
java.lang.AssertionError: Status expected:<200> but was:<401>
	at org.springframework.test.util.AssertionErrors.fail(AssertionErrors.java:62)
	at org.springframework.test.util.AssertionErrors.assertEquals(AssertionErrors.java:129)
	at org.springframework.test.web.servlet.result.StatusResultMatchers.lambda$matcher$0(StatusResultMatchers.java:600)
	at org.springframework.test.web.servlet.MockMvc$1.andExpect(MockMvc.java:212)
	at com.example.football.acceptance.UsuarioAcceptanceTest.recuperaElProgresoPersistidoDelUsuarioAutenticado(UsuarioAcceptanceTest.java:104)

[ERROR] com.example.football.acceptance.UsuarioAcceptanceTest.rechazaProgresoInvalidoYConservaElUltimoEstadoConfirmado -- Time elapsed: 0.072 s <<< FAILURE!
java.lang.AssertionError: Status expected:<400> but was:<401>
	at org.springframework.test.util.AssertionErrors.fail(AssertionErrors.java:62)
	at org.springframework.test.util.AssertionErrors.assertEquals(AssertionErrors.java:129)
	at org.springframework.test.web.servlet.result.StatusResultMatchers.lambda$matcher$0(StatusResultMatchers.java:600)
	at org.springframework.test.web.servlet.MockMvc$1.andExpect(MockMvc.java:212)
	at com.example.football.acceptance.UsuarioAcceptanceTest.rechazaProgresoInvalidoYConservaElUltimoEstadoConfirmado(UsuarioAcceptanceTest.java:139)

[INFO] 
[INFO] Results:
[INFO] 
[ERROR] Failures: 
[ERROR]   SesionAcceptanceTest.logoutEsIdempotenteRevocaSoloLaSesionCerrada:154 Status expected:<204> but was:<401>
[ERROR]   UsuarioAcceptanceTest.actualizacionParcialConservaLosCamposNoModificados:124 Status expected:<200> but was:<401>
[ERROR]   UsuarioAcceptanceTest.devuelveNoEncontradoSinCrearUsuario:166 Status expected:<404> but was:<401>
[ERROR]   UsuarioAcceptanceTest.rechazaProgresoInvalidoYConservaElUltimoEstadoConfirmado:139 Status expected:<400> but was:<401>
[ERROR]   UsuarioAcceptanceTest.recuperaElProgresoPersistidoDelUsuarioAutenticado:104 Status expected:<200> but was:<401>
[ERROR] Errors: 
[ERROR]   SesionAcceptanceTest.protegeRutasYExponeSoloLaIdentidadAutenticada:134 » Unauthorized Se requiere una sesion autenticada
[ERROR]   SesionAcceptanceTest.rechazaLogoutSinSesionAutenticada:167 » Unauthorized Se requiere una sesion autenticada
[ERROR]   UsuarioAcceptanceTest.bloqueaAccesoSinSesionYAccesoAlProgresoDeOtroUsuario:152 » Unauthorized Se requiere una sesion autenticada
[INFO] 
[ERROR] Tests run: 15, Failures: 5, Errors: 3, Skipped: 0
[INFO] 
[INFO] ------------------------------------------------------------------------
[INFO] BUILD FAILURE
[INFO] ------------------------------------------------------------------------
[INFO] Total time:  14.215 s
[INFO] Finished at: 2026-08-20T18:54:12+02:00
[INFO] ------------------------------------------------------------------------
[ERROR] Failed to execute goal org.apache.maven.plugins:maven-surefire-plugin:3.5.6:test (default-test) on project football: There are test failures.
[ERROR] 
[ERROR] See c:\Users\mucho\Desktop\ProyectoFootball\football\target\surefire-reports for the individual test results.
[ERROR] See dump files (if any exist) [date].dump, [date]-jvmRun[N].dump and [date].dumpstream.
[ERROR] -> [Help 1]
[ERROR] 
[ERROR] To see the full stack trace of the errors, re-run Maven with the -e switch.
[ERROR] Re-run Maven using the -X switch to enable full debug logging.
[ERROR] 
[ERROR] For more information about the errors and possible solutions, please read the following articles:
[ERROR] [Help 1] http://cwiki.apache.org/confluence/display/MAVEN/MojoFailureException
